
> vite-react-typescript-starter@0.0.0 test
> vitest run TeamHero.test.tsx OrganizerProfileHeader.test.tsx


[1m[46m RUN [49m[22m [36mv4.0.18 [39m[90m/home/ravi/Desktop/my-project/gaming-site/client[39m

 [31m❯[39m src/features/organizer/__tests__/OrganizerProfileHeader.test.tsx [2m([22m[2m0 test[22m[2m)[22m
[90mstderr[2m | src/features/teams/test/TeamHero.test.tsx[2m > [22m[2mTeamHero[2m > [22m[2mhandles join request clicks
[22m[39mWarning: An update to TeamHero inside a test was not wrapped in act(...).

When testing, code that causes React state updates should be wrapped into act(...):

act(() => {
  /* fire events that update state */
});
/* assert on the output */

This ensures that you're testing the behavior the user would see in the browser. Learn more at https://reactjs.org/link/wrap-tests-with-act
    at TeamHero (/home/ravi/Desktop/my-project/gaming-site/client/src/features/teams/ui/components/TeamHero.tsx:12:3)
    at Router (file:///home/ravi/Desktop/my-project/gaming-site/client/node_modules/react-router/dist/development/chunk-D4RADZKF.mjs:5733:13)
    at BrowserRouter (file:///home/ravi/Desktop/my-project/gaming-site/client/node_modules/react-router/dist/development/chunk-D4RADZKF.mjs:8762:3)

 [32m✓[39m src/features/teams/test/TeamHero.test.tsx [2m([22m[2m6 tests[22m[2m)[22m[32m 230[2mms[22m[39m

[31m⎯⎯⎯⎯⎯⎯[39m[1m[41m Failed Suites 1 [49m[22m[31m⎯⎯⎯⎯⎯⎯⎯[39m

[41m[1m FAIL [22m[49m src/features/organizer/__tests__/OrganizerProfileHeader.test.tsx[2m [ src/features/organizer/__tests__/OrganizerProfileHeader.test.tsx ][22m
[31m[1mError[22m: Failed to resolve import "../profile/OrganizerProfileHeader" from "src/features/organizer/__tests__/OrganizerProfileHeader.test.tsx". Does the file exist?[39m
  Plugin: [35mvite:import-analysis[39m
  File: [36m/home/ravi/Desktop/my-project/gaming-site/client/src/features/organizer/__tests__/OrganizerProfileHeader.test.tsx[39m:4:0
[33m  16 |  const __vi_import_0__ = await import("@testing-library/react");
  17 |  const __vi_import_1__ = await import("react-router-dom");
  18 |  const __vi_import_2__ = await import("../profile/OrganizerProfileHeader");
     |                                       ^
  19 |  const __vi_import_3__ = await import("react/jsx-dev-runtime");
  20 |  var _jsxFileName = "/home/ravi/Desktop/my-project/gaming-site/client/src/features/organizer/__tests__/OrganizerProfileHeader.test.tsx";[39m
[90m [2m❯[22m TransformPluginContext._formatLog node_modules/vite/dist/node/chunks/dep-DBxKXgDP.js:[2m42499:41[22m[39m
[90m [2m❯[22m TransformPluginContext.error node_modules/vite/dist/node/chunks/dep-DBxKXgDP.js:[2m42496:16[22m[39m
[90m [2m❯[22m normalizeUrl node_modules/vite/dist/node/chunks/dep-DBxKXgDP.js:[2m40475:23[22m[39m
[90m [2m❯[22m node_modules/vite/dist/node/chunks/dep-DBxKXgDP.js:[2m40594:37[22m[39m
[90m [2m❯[22m TransformPluginContext.transform node_modules/vite/dist/node/chunks/dep-DBxKXgDP.js:[2m40521:7[22m[39m
[90m [2m❯[22m EnvironmentPluginContainer.transform node_modules/vite/dist/node/chunks/dep-DBxKXgDP.js:[2m42294:18[22m[39m
[90m [2m❯[22m loadAndTransform node_modules/vite/dist/node/chunks/dep-DBxKXgDP.js:[2m35735:27[22m[39m

[31m[2m⎯⎯⎯⎯⎯⎯⎯⎯⎯⎯⎯⎯⎯⎯⎯⎯⎯⎯⎯⎯⎯⎯⎯⎯[1/1]⎯[22m[39m


[2m Test Files [22m [1m[31m1 failed[39m[22m[2m | [22m[1m[32m1 passed[39m[22m[90m (2)[39m
[2m      Tests [22m [1m[32m6 passed[39m[22m[90m (6)[39m
[2m   Start at [22m 17:37:29
[2m   Duration [22m 1.37s[2m (transform 181ms, setup 252ms, import 388ms, tests 230ms, environment 875ms)[22m

